main.c:102:5:main	88	static
main.c:241:6:SystemClock_Config	160	static
main.c:288:13:MX_DAC1_Init	24	static
main.c:326:13:MX_I2C1_Init	8	static
main.c:372:13:MX_TIM6_Init	24	static
main.c:410:13:MX_TIM7_Init	24	static
main.c:448:13:MX_USART2_UART_Init	8	static
main.c:483:13:MX_GPIO_Init	48	static
main.c:532:6:HAL_TIM_PeriodElapsedCallback	24	static
main.c:593:7:HAL_GPIO_EXTI_Callback	16	static
main.c:605:6:Discharging_Set	24	static
main.c:622:6:Charging_Enable	16	static
main.c:634:6:Change_State	16	static
main.c:656:6:Safety_Loop	8	static
main.c:697:6:Error_Handler	4	static,ignoring_inline_asm
